Archive member included to satisfy reference by file (symbol)

C:/ST/STM32CubeIDE_1.14.1/STM32CubeIDE/plugins/com.st.stm32cube.ide.mcu.externaltools.gnu-tools-for-stm32.12.3.rel1.win32_1.0.200.202406191623/tools/bin/../lib/gcc/arm-none-eabi/12.3.1/../../../../arm-none-eabi/lib/thumb/v7-m/nofp\libc_nano.a(libc_a-exit.o)
                              C:/ST/STM32CubeIDE_1.14.1/STM32CubeIDE/plugins/com.st.stm32cube.ide.mcu.externaltools.gnu-tools-for-stm32.12.3.rel1.win32_1.0.200.202406191623/tools/bin/../lib/gcc/arm-none-eabi/12.3.1/../../../../arm-none-eabi/lib/thumb/v7-m/nofp/crt0.o (exit)
C:/ST/STM32CubeIDE_1.14.1/STM32CubeIDE/plugins/com.st.stm32cube.ide.mcu.externaltools.gnu-tools-for-stm32.12.3.rel1.win32_1.0.200.202406191623/tools/bin/../lib/gcc/arm-none-eabi/12.3.1/../../../../arm-none-eabi/lib/thumb/v7-m/nofp\libc_nano.a(libc_a-findfp.o)
                              C:/ST/STM32CubeIDE_1.14.1/STM32CubeIDE/plugins/com.st.stm32cube.ide.mcu.externaltools.gnu-tools-for-stm32.12.3.rel1.win32_1.0.200.202406191623/tools/bin/../lib/gcc/arm-none-eabi/12.3.1/../../../../arm-none-eabi/lib/thumb/v7-m/nofp\libc_nano.a(libc_a-exit.o) (__stdio_exit_handler)
C:/ST/STM32CubeIDE_1.14.1/STM32CubeIDE/plugins/com.st.stm32cube.ide.mcu.externaltools.gnu-tools-for-stm32.12.3.rel1.win32_1.0.200.202406191623/tools/bin/../lib/gcc/arm-none-eabi/12.3.1/../../../../arm-none-eabi/lib/thumb/v7-m/nofp\libc_nano.a(libc_a-fwalk.o)
                              C:/ST/STM32CubeIDE_1.14.1/STM32CubeIDE/plugins/com.st.stm32cube.ide.mcu.externaltools.gnu-tools-for-stm32.12.3.rel1.win32_1.0.200.202406191623/tools/bin/../lib/gcc/arm-none-eabi/12.3.1/../../../../arm-none-eabi/lib/thumb/v7-m/nofp\libc_nano.a(libc_a-findfp.o) (_fwalk_sglue)
C:/ST/STM32CubeIDE_1.14.1/STM32CubeIDE/plugins/com.st.stm32cube.ide.mcu.externaltools.gnu-tools-for-stm32.12.3.rel1.win32_1.0.200.202406191623/tools/bin/../lib/gcc/arm-none-eabi/12.3.1/../../../../arm-none-eabi/lib/thumb/v7-m/nofp\libc_nano.a(libc_a-stdio.o)
                              C:/ST/STM32CubeIDE_1.14.1/STM32CubeIDE/plugins/com.st.stm32cube.ide.mcu.externaltools.gnu-tools-for-stm32.12.3.rel1.win32_1.0.200.202406191623/tools/bin/../lib/gcc/arm-none-eabi/12.3.1/../../../../arm-none-eabi/lib/thumb/v7-m/nofp\libc_nano.a(libc_a-findfp.o) (__sread)
C:/ST/STM32CubeIDE_1.14.1/STM32CubeIDE/plugins/com.st.stm32cube.ide.mcu.externaltools.gnu-tools-for-stm32.12.3.rel1.win32_1.0.200.202406191623/tools/bin/../lib/gcc/arm-none-eabi/12.3.1/../../../../arm-none-eabi/lib/thumb/v7-m/nofp\libc_nano.a(libc_a-memset.o)
                              C:/ST/STM32CubeIDE_1.14.1/STM32CubeIDE/plugins/com.st.stm32cube.ide.mcu.externaltools.gnu-tools-for-stm32.12.3.rel1.win32_1.0.200.202406191623/tools/bin/../lib/gcc/arm-none-eabi/12.3.1/../../../../arm-none-eabi/lib/thumb/v7-m/nofp/crt0.o (memset)
C:/ST/STM32CubeIDE_1.14.1/STM32CubeIDE/plugins/com.st.stm32cube.ide.mcu.externaltools.gnu-tools-for-stm32.12.3.rel1.win32_1.0.200.202406191623/tools/bin/../lib/gcc/arm-none-eabi/12.3.1/../../../../arm-none-eabi/lib/thumb/v7-m/nofp\libc_nano.a(libc_a-closer.o)
                              C:/ST/STM32CubeIDE_1.14.1/STM32CubeIDE/plugins/com.st.stm32cube.ide.mcu.externaltools.gnu-tools-for-stm32.12.3.rel1.win32_1.0.200.202406191623/tools/bin/../lib/gcc/arm-none-eabi/12.3.1/../../../../arm-none-eabi/lib/thumb/v7-m/nofp\libc_nano.a(libc_a-stdio.o) (_close_r)
C:/ST/STM32CubeIDE_1.14.1/STM32CubeIDE/plugins/com.st.stm32cube.ide.mcu.externaltools.gnu-tools-for-stm32.12.3.rel1.win32_1.0.200.202406191623/tools/bin/../lib/gcc/arm-none-eabi/12.3.1/../../../../arm-none-eabi/lib/thumb/v7-m/nofp\libc_nano.a(libc_a-reent.o)
                              C:/ST/STM32CubeIDE_1.14.1/STM32CubeIDE/plugins/com.st.stm32cube.ide.mcu.externaltools.gnu-tools-for-stm32.12.3.rel1.win32_1.0.200.202406191623/tools/bin/../lib/gcc/arm-none-eabi/12.3.1/../../../../arm-none-eabi/lib/thumb/v7-m/nofp\libc_nano.a(libc_a-closer.o) (errno)
C:/ST/STM32CubeIDE_1.14.1/STM32CubeIDE/plugins/com.st.stm32cube.ide.mcu.externaltools.gnu-tools-for-stm32.12.3.rel1.win32_1.0.200.202406191623/tools/bin/../lib/gcc/arm-none-eabi/12.3.1/../../../../arm-none-eabi/lib/thumb/v7-m/nofp\libc_nano.a(libc_a-impure.o)
                              C:/ST/STM32CubeIDE_1.14.1/STM32CubeIDE/plugins/com.st.stm32cube.ide.mcu.externaltools.gnu-tools-for-stm32.12.3.rel1.win32_1.0.200.202406191623/tools/bin/../lib/gcc/arm-none-eabi/12.3.1/../../../../arm-none-eabi/lib/thumb/v7-m/nofp\libc_nano.a(libc_a-reent.o) (_impure_ptr)
C:/ST/STM32CubeIDE_1.14.1/STM32CubeIDE/plugins/com.st.stm32cube.ide.mcu.externaltools.gnu-tools-for-stm32.12.3.rel1.win32_1.0.200.202406191623/tools/bin/../lib/gcc/arm-none-eabi/12.3.1/../../../../arm-none-eabi/lib/thumb/v7-m/nofp\libc_nano.a(libc_a-lseekr.o)
[...]
Memory Configuration

Name             Origin             Length             Attributes
RAM              0x20000000         0x00005000         xrw
FLASH            0x08000000         0x00010000         xr
*default*        0x00000000         0xffffffff

Linker script and memory map

LOAD C:/ST/STM32CubeIDE_1.14.1/STM32CubeIDE/plugins/com.st.stm32cube.ide.mcu.externaltools.gnu-tools-for-stm32.12.3.rel1.win32_1.0.200.202406191623/tools/bin/../lib/gcc/arm-none-eabi/12.3.1/thumb/v7-m/nofp/crti.o
LOAD C:/ST/STM32CubeIDE_1.14.1/STM32CubeIDE/plugins/com.st.stm32cube.ide.mcu.externaltools.gnu-tools-for-stm32.12.3.rel1.win32_1.0.200.202406191623/tools/bin/../lib/gcc/arm-none-eabi/12.3.1/thumb/v7-m/nofp/crtbegin.o
LOAD C:/ST/STM32CubeIDE_1.14.1/STM32CubeIDE/plugins/com.st.stm32cube.ide.mcu.externaltools.gnu-tools-for-stm32.12.3.rel1.win32_1.0.200.202406191623/tools/bin/../lib/gcc/arm-none-eabi/12.3.1/../../../../arm-none-eabi/lib/thumb/v7-m/nofp/crt0.o
LOAD ./Src/EXTI_program.o
LOAD ./Src/main.o
LOAD ./Src/syscalls.o
LOAD ./Src/sysmem.o
LOAD ./Startup/startup_stm32f103c8tx.o
START GROUP
LOAD C:/ST/STM32CubeIDE_1.14.1/STM32CubeIDE/plugins/com.st.stm32cube.ide.mcu.externaltools.gnu-tools-for-stm32.12.3.rel1.win32_1.0.200.202406191623/tools/bin/../lib/gcc/arm-none-eabi/12.3.1/../../../../arm-none-eabi/lib/thumb/v7-m/nofp\libc_nano.a
LOAD C:/ST/STM32CubeIDE_1.14.1/STM32CubeIDE/plugins/com.st.stm32cube.ide.mcu.externaltools.gnu-tools-for-stm32.12.3.rel1.win32_1.0.200.202406191623/tools/bin/../lib/gcc/arm-none-eabi/12.3.1/../../../../arm-none-eabi/lib/thumb/v7-m/nofp\libm.a
END GROUP
START GROUP
LOAD C:/ST/STM32CubeIDE_1.14.1/STM32CubeIDE/plugins/com.st.stm32cube.ide.mcu.externaltools.gnu-tools-for-stm32.12.3.rel1.win32_1.0.200.202406191623/tools/bin/../lib/gcc/arm-none-eabi/12.3.1/thumb/v7-m/nofp\libgcc.a
LOAD C:/ST/STM32CubeIDE_1.14.1/STM32CubeIDE/plugins/com.st.stm32cube.ide.mcu.externaltools.gnu-tools-for-stm32.12.3.rel1.win32_1.0.200.202406191623/tools/bin/../lib/gcc/arm-none-eabi/12.3.1/../../../../arm-none-eabi/lib/thumb/v7-m/nofp\libc_nano.a
END GROUP
START GROUP
LOAD C:/ST/STM32CubeIDE_1.14.1/STM32CubeIDE/plugins/com.st.stm32cube.ide.mcu.externaltools.gnu-tools-for-stm32.12.3.rel1.win32_1.0.200.202406191623/tools/bin/../lib/gcc/arm-none-eabi/12.3.1/thumb/v7-m/nofp\libgcc.a
LOAD C:/ST/STM32CubeIDE_1.14.1/STM32CubeIDE/plugins/com.st.stm32cube.ide.mcu.externaltools.gnu-tools-for-stm32.12.3.rel1.win32_1.0.200.202406191623/tools/bin/../lib/gcc/arm-none-eabi/12.3.1/../../../../arm-none-eabi/lib/thumb/v7-m/nofp\libc_nano.a
LOAD C:/ST/STM32CubeIDE_1.14.1/STM32CubeIDE/plugins/com.st.stm32cube.ide.mcu.externaltools.gnu-tools-for-stm32.12.3.rel1.win32_1.0.200.202406191623/tools/bin/../lib/gcc/arm-none-eabi/12.3.1/../../../../arm-none-eabi/lib/thumb/v7-m/nofp\libnosys.a
END GROUP
START GROUP
LOAD C:/ST/STM32CubeIDE_1.14.1/STM32CubeIDE/plugins/com.st.stm32cube.ide.mcu.externaltools.gnu-tools-for-stm32.12.3.rel1.win32_1.0.200.202406191623/tools/bin/../lib/gcc/arm-none-eabi/12.3.1/thumb/v7-m/nofp\libgcc.a
LOAD C:/ST/STM32CubeIDE_1.14.1/STM32CubeIDE/plugins/com.st.stm32cube.ide.mcu.externaltools.gnu-tools-for-stm32.12.3.rel1.win32_1.0.200.202406191623/tools/bin/../lib/gcc/arm-none-eabi/12.3.1/../../../../arm-none-eabi/lib/thumb/v7-m/nofp\libc_nano.a
LOAD C:/ST/STM32CubeIDE_1.14.1/STM32CubeIDE/plugins/com.st.stm32cube.ide.mcu.externaltools.gnu-tools-for-stm32.12.3.rel1.win32_1.0.200.202406191623/tools/bin/../lib/gcc/arm-none-eabi/12.3.1/../../../../arm-none-eabi/lib/thumb/v7-m/nofp\libnosys.a
END GROUP
LOAD C:/ST/STM32CubeIDE_1.14.1/STM32CubeIDE/plugins/com.st.stm32cube.ide.mcu.externaltools.gnu-tools-for-stm32.12.3.rel1.win32_1.0.200.202406191623/tools/bin/../lib/gcc/arm-none-eabi/12.3.1/thumb/v7-m/nofp/crtend.o
LOAD C:/ST/STM32CubeIDE_1.14.1/STM32CubeIDE/plugins/com.st.stm32cube.ide.mcu.externaltools.gnu-tools-for-stm32.12.3.rel1.win32_1.0.200.202406191623/tools/bin/../lib/gcc/arm-none-eabi/12.3.1/thumb/v7-m/nofp/crtn.o
                0x20005000                        _estack = (ORIGIN (RAM) + LENGTH (RAM))
                0x00000200                        _Min_Heap_Size = 0x200
                0x00000400                        _Min_Stack_Size = 0x400

.isr_vector     0x08000000      0x130
                0x08000000                        . = ALIGN (0x4)
 *(.isr_vector)
 .isr_vector    0x08000000      0x130 ./Startup/startup_stm32f103c8tx.o
                0x08000000                g_pfnVectors
                0x08000130                        . = ALIGN (0x4)

.text           0x08000130      0x3a0
                0x08000130                        . = ALIGN (0x4)
 *(.text)
 .text          0x08000130       0x40 C:/ST/STM32CubeIDE_1.14.1/STM32CubeIDE/plugins/com.st.stm32cube.ide.mcu.externaltools.gnu-tools-for-stm32.12.3.rel1.win32_1.0.200.202406191623/tools/bin/../lib/gcc/arm-none-eabi/12.3.1/thumb/v7-m/nofp/crtbegin.o
 *(.text*)
 .text.EXTI_voidClearPendingFlag
                0x08000170       0x2c ./Src/EXTI_program.o
                0x08000170                EXTI_voidClearPendingFlag
 .text.EXTI_voidReadPendingFlag
                0x0800019c       0x2c ./Src/EXTI_program.o
                0x0800019c                EXTI_voidReadPendingFlag
 .text.EXTI0_IRQHandler
                0x080001c8       0x20 ./Src/EXTI_program.o
                0x080001c8                EXTI0_IRQHandler
 .text.EXTI2_IRQHandler
                0x080001e8       0x20 ./Src/EXTI_program.o
                0x080001e8                EXTI2_IRQHandler
 .text.EXTI3_IRQHandler
                0x08000208       0x20 ./Src/EXTI_program.o
                0x08000208                EXTI3_IRQHandler
 .text.EXTI4_IRQHandler
                0x08000228       0x20 ./Src/EXTI_program.o
                0x08000228                EXTI4_IRQHandler
 .text.EXTI9_5_IRQHandler
                0x08000248       0xb4 ./Src/EXTI_program.o
                0x08000248                EXTI9_5_IRQHandler
 .text.EXTI15_10_IRQHandler
                0x080002fc       0xd8 ./Src/EXTI_program.o
                0x080002fc                EXTI15_10_IRQHandler
 .text.PVD_IRQHandler
                0x080003d4       0x20 ./Src/EXTI_program.o
                0x080003d4                PVD_IRQHandler
 .text.RTCAlarm_IRQHandler
                0x080003f4       0x20 ./Src/EXTI_program.o
                0x080003f4                RTCAlarm_IRQHandler
 .text.main     0x08000414        0x8 ./Src/main.o
                0x08000414                main
 .text.Reset_Handler
                0x0800041c       0x50 ./Startup/startup_stm32f103c8tx.o
                0x0800041c                Reset_Handler
 .text.Default_Handler
                0x0800046c        0x2 ./Startup/startup_stm32f103c8tx.o
                0x0800046c                TIM8_TRG_COM_IRQHandler
                0x0800046c                TIM8_CC_IRQHandler
                0x0800046c                DebugMon_Handler
                0x0800046c                TIM1_CC_IRQHandler
                0x0800046c                HardFault_Handler
                0x0800046c                TIM6_IRQHandler
                0x0800046c                SysTick_Handler
                0x0800046c                SDIO_IRQHandler
                0x0800046c                PendSV_Handler
                0x0800046c                NMI_Handler
                0x0800046c                USB_HP_CAN_TX_IRQHandler
                0x0800046c                I2C2_EV_IRQHandler
                0x0800046c                UsageFault_Handler
                0x0800046c                ADC1_2_IRQHandler
                0x0800046c                SPI1_IRQHandler
                0x0800046c                CAN_SCE_IRQHandler
                0x0800046c                TAMPER_IRQHandler
                0x0800046c                TIM8_UP_IRQHandler
                0x0800046c                DMA2_Channel2_IRQHandler
                0x0800046c                DMA1_Channel4_IRQHandler
                0x0800046c                USART3_IRQHandler
                0x0800046c                RTC_IRQHandler
                0x0800046c                DMA1_Channel7_IRQHandler
                0x0800046c                UART5_IRQHandler
                0x0800046c                ADC3_IRQHandler
                0x0800046c                TIM4_IRQHandler
                0x0800046c                CAN_RX1_IRQHandler
                0x0800046c                DMA2_Channel1_IRQHandler
                0x0800046c                I2C1_EV_IRQHandler
                0x0800046c                DMA1_Channel6_IRQHandler
                0x0800046c                UART4_IRQHandler
                0x0800046c                TIM3_IRQHandler
                0x0800046c                RCC_IRQHandler
                0x0800046c                TIM1_TRG_COM_IRQHandler
                0x0800046c                DMA1_Channel1_IRQHandler
                0x0800046c                Default_Handler
                0x0800046c                TIM7_IRQHandler
                0x0800046c                TIM5_IRQHandler
                0x0800046c                SPI2_IRQHandler
                0x0800046c                USB_LP_CAN_RX0_IRQHandler
                0x0800046c                MemManage_Handler
                0x0800046c                SVC_Handler
                0x0800046c                DMA1_Channel5_IRQHandler
                0x0800046c                DMA1_Channel3_IRQHandler
                0x0800046c                FSMC_IRQHandler
                0x0800046c                TIM1_UP_IRQHandler
                0x0800046c                WWDG_IRQHandler
                0x0800046c                TIM2_IRQHandler
                0x0800046c                TIM1_BRK_IRQHandler
                0x0800046c                EXTI1_IRQHandler
                0x0800046c                DMA2_Channel4_5_IRQHandler
                0x0800046c                USART2_IRQHandler
                0x0800046c                I2C2_ER_IRQHandler
                0x0800046c                DMA1_Channel2_IRQHandler
                0x0800046c                TIM8_BRK_IRQHandler
                0x0800046c                FLASH_IRQHandler
                0x0800046c                BusFault_Handler
                0x0800046c                USART1_IRQHandler
                0x0800046c                SPI3_IRQHandler
                0x0800046c                I2C1_ER_IRQHandler
                0x0800046c                DMA2_Channel3_IRQHandler
 *fill*         0x0800046e        0x2 
 .text.__libc_init_array
                0x08000470       0x48 C:/ST/STM32CubeIDE_1.14.1/STM32CubeIDE/plugins/com.st.stm32cube.ide.mcu.externaltools.gnu-tools-for-stm32.12.3.rel1.win32_1.0.200.202406191623/tools/bin/../lib/gcc/arm-none-eabi/12.3.1/../../../../arm-none-eabi/lib/thumb/v7-m/nofp\libc_nano.a(libc_a-init.o)
                0x08000470                __libc_init_array
 *(.glue_7)
 .glue_7        0x080004b8        0x0 linker stubs
 *(.glue_7t)
 .glue_7t       0x080004b8        0x0 linker stubs
 *(.eh_frame)
 .eh_frame      0x080004b8        0x0 C:/ST/STM32CubeIDE_1.14.1/STM32CubeIDE/plugins/com.st.stm32cube.ide.mcu.externaltools.gnu-tools-for-stm32.12.3.rel1.win32_1.0.200.202406191623/tools/bin/../lib/gcc/arm-none-eabi/12.3.1/thumb/v7-m/nofp/crtbegin.o
 *(.init)
 .init          0x080004b8        0x4 C:/ST/STM32CubeIDE_1.14.1/STM32CubeIDE/plugins/com.st.stm32cube.ide.mcu.externaltools.gnu-tools-for-stm32.12.3.rel1.win32_1.0.200.202406191623/tools/bin/../lib/gcc/arm-none-eabi/12.3.1/thumb/v7-m/nofp/crti.o
                0x080004b8                _init
 .init          0x080004bc        0x8 C:/ST/STM32CubeIDE_1.14.1/STM32CubeIDE/plugins/com.st.stm32cube.ide.mcu.externaltools.gnu-tools-for-stm32.12.3.rel1.win32_1.0.200.202406191623/tools/bin/../lib/gcc/arm-none-eabi/12.3.1/thumb/v7-m/nofp/crtn.o
 *(.fini)
 .fini          0x080004c4        0x4 C:/ST/STM32CubeIDE_1.14.1/STM32CubeIDE/plugins/com.st.stm32cube.ide.mcu.externaltools.gnu-tools-for-stm32.12.3.rel1.win32_1.0.200.202406191623/tools/bin/../lib/gcc/arm-none-eabi/12.3.1/thumb/v7-m/nofp/crti.o
                0x080004c4                _fini
 .fini          0x080004c8        0x8 C:/ST/STM32CubeIDE_1.14.1/STM32CubeIDE/plugins/com.st.stm32cube.ide.mcu.externaltools.gnu-tools-for-stm32.12.3.rel1.win32_1.0.200.202406191623/tools/bin/../lib/gcc/arm-none-eabi/12.3.1/thumb/v7-m/nofp/crtn.o
                0x080004d0                        . = ALIGN (0x4)
                0x080004d0                        _etext = .

.vfp11_veneer   0x080004d0        0x0
 .vfp11_veneer  0x080004d0        0x0 linker stubs

.v4_bx          0x080004d0        0x0
 .v4_bx         0x080004d0        0x0 linker stubs

.iplt           0x080004d0        0x0
 .iplt          0x080004d0        0x0 C:/ST/STM32CubeIDE_1.14.1/STM32CubeIDE/plugins/com.st.stm32cube.ide.mcu.externaltools.gnu-tools-for-stm32.12.3.rel1.win32_1.0.200.202406191623/tools/bin/../lib/gcc/arm-none-eabi/12.3.1/thumb/v7-m/nofp/crtbegin.o

.rodata         0x080004d0        0x0
                0x080004d0                        . = ALIGN (0x4)
 *(.rodata)
 *(.rodata*)
                0x080004d0                        . = ALIGN (0x4)

.ARM.extab      0x080004d0        0x0
                0x080004d0                        . = ALIGN (0x4)
 *(.ARM.extab* .gnu.linkonce.armextab.*)
                0x080004d0                        . = ALIGN (0x4)

.ARM            0x080004d0        0x0
                0x080004d0                        . = ALIGN (0x4)
                0x080004d0                        __exidx_start = .
 *(.ARM.exidx*)
                0x080004d0                        __exidx_end = .
                0x080004d0                        . = ALIGN (0x4)

.preinit_array  0x080004d0        0x0
                0x080004d0                        . = ALIGN (0x4)
                0x080004d0                        PROVIDE (__preinit_array_start = .)
 *(.preinit_array*)
                0x080004d0                        PROVIDE (__preinit_array_end = .)
                0x080004d0                        . = ALIGN (0x4)

.init_array     0x080004d0        0x4
                0x080004d0                        . = ALIGN (0x4)
                0x080004d0                        PROVIDE (__init_array_start = .)
 *(SORT_BY_NAME(.init_array.*))
 *(.init_array*)
 .init_array    0x080004d0        0x4 C:/ST/STM32CubeIDE_1.14.1/STM32CubeIDE/plugins/com.st.stm32cube.ide.mcu.externaltools.gnu-tools-for-stm32.12.3.rel1.win32_1.0.200.202406191623/tools/bin/../lib/gcc/arm-none-eabi/12.3.1/thumb/v7-m/nofp/crtbegin.o
                0x080004d4                        PROVIDE (__init_array_end = .)
                0x080004d4                        . = ALIGN (0x4)

.fini_array     0x080004d4        0x4
                0x080004d4                        . = ALIGN (0x4)
                [!provide]                        PROVIDE (__fini_array_start = .)
 *(SORT_BY_NAME(.fini_array.*))
 *(.fini_array*)
 .fini_array    0x080004d4        0x4 C:/ST/STM32CubeIDE_1.14.1/STM32CubeIDE/plugins/com.st.stm32cube.ide.mcu.externaltools.gnu-tools-for-stm32.12.3.rel1.win32_1.0.200.202406191623/tools/bin/../lib/gcc/arm-none-eabi/12.3.1/thumb/v7-m/nofp/crtbegin.o
                [!provide]                        PROVIDE (__fini_array_end = .)
                0x080004d8                        . = ALIGN (0x4)
                0x080004d8                        _sidata = LOADADDR (.data)

.rel.dyn        0x080004d8        0x0
 .rel.iplt      0x080004d8        0x0 C:/ST/STM32CubeIDE_1.14.1/STM32CubeIDE/plugins/com.st.stm32cube.ide.mcu.externaltools.gnu-tools-for-stm32.12.3.rel1.win32_1.0.200.202406191623/tools/bin/../lib/gcc/arm-none-eabi/12.3.1/thumb/v7-m/nofp/crtbegin.o

.data           0x20000000        0x0 load address 0x080004d8
                0x20000000                        . = ALIGN (0x4)
                0x20000000                        _sdata = .
 *(.data)
 *(.data*)
 *(.RamFunc)
 *(.RamFunc*)
                0x20000000                        . = ALIGN (0x4)
                0x20000000                        _edata = .

.igot.plt       0x20000000        0x0 load address 0x080004d8
 .igot.plt      0x20000000        0x0 C:/ST/STM32CubeIDE_1.14.1/STM32CubeIDE/plugins/com.st.stm32cube.ide.mcu.externaltools.gnu-tools-for-stm32.12.3.rel1.win32_1.0.200.202406191623/tools/bin/../lib/gcc/arm-none-eabi/12.3.1/thumb/v7-m/nofp/crtbegin.o
                0x20000000                        . = ALIGN (0x4)

.bss            0x20000000       0x6c load address 0x080004d8
                0x20000000                        _sbss = .
                0x20000000                        __bss_start__ = _sbss
 *(.bss)
 .bss           0x20000000       0x1c C:/ST/STM32CubeIDE_1.14.1/STM32CubeIDE/plugins/com.st.stm32cube.ide.mcu.externaltools.gnu-tools-for-stm32.12.3.rel1.win32_1.0.200.202406191623/tools/bin/../lib/gcc/arm-none-eabi/12.3.1/thumb/v7-m/nofp/crtbegin.o
 *(.bss*)
 .bss.EXTI_PTR_TO_FUNCTION
                0x2000001c       0x50 ./Src/EXTI_program.o
 *(COMMON)
                0x2000006c                        . = ALIGN (0x4)
                0x2000006c                        _ebss = .
                0x2000006c                        __bss_end__ = _ebss

._user_heap_stack
                0x2000006c      0x604 load address 0x080004d8
                0x20000070                        . = ALIGN (0x8)
 *fill*         0x2000006c        0x4 
                [!provide]                        PROVIDE (end = .)
                0x20000070                        PROVIDE (_end = .)
                0x20000270                        . = (. + _Min_Heap_Size)
 *fill*         0x20000070      0x200 
                0x20000670                        . = (. + _Min_Stack_Size)
 *fill*         0x20000270      0x400 
                0x20000670                        . = ALIGN (0x8)

/DISCARD/
 libc.a(*)
 libm.a(*)
 libgcc.a(*)

.ARM.attributes
                0x00000000       0x29
 *(.ARM.attributes)
 .ARM.attributes
                0x00000000       0x1d C:/ST/STM32CubeIDE_1.14.1/STM32CubeIDE/plugins/com.st.stm32cube.ide.mcu.externaltools.gnu-tools-for-stm32.12.3.rel1.win32_1.0.200.202406191623/tools/bin/../lib/gcc/arm-none-eabi/12.3.1/thumb/v7-m/nofp/crti.o
 .ARM.attributes
                0x0000001d       0x2d C:/ST/STM32CubeIDE_1.14.1/STM32CubeIDE/plugins/com.st.stm32cube.ide.mcu.externaltools.gnu-tools-for-stm32.12.3.rel1.win32_1.0.200.202406191623/tools/bin/../lib/gcc/arm-none-eabi/12.3.1/thumb/v7-m/nofp/crtbegin.o
 .ARM.attributes
                0x0000004a       0x2d ./Src/EXTI_program.o
 .ARM.attributes
                0x00000077       0x2d ./Src/main.o
 .ARM.attributes
                0x000000a4       0x21 ./Startup/startup_stm32f103c8tx.o
 .ARM.attributes
                0x000000c5       0x2d C:/ST/STM32CubeIDE_1.14.1/STM32CubeIDE/plugins/com.st.stm32cube.ide.mcu.externaltools.gnu-tools-for-stm32.12.3.rel1.win32_1.0.200.202406191623/tools/bin/../lib/gcc/arm-none-eabi/12.3.1/../../../../arm-none-eabi/lib/thumb/v7-m/nofp\libc_nano.a(libc_a-init.o)
 .ARM.attributes
                0x000000f2       0x1d C:/ST/STM32CubeIDE_1.14.1/STM32CubeIDE/plugins/com.st.stm32cube.ide.mcu.externaltools.gnu-tools-for-stm32.12.3.rel1.win32_1.0.200.202406191623/tools/bin/../lib/gcc/arm-none-eabi/12.3.1/thumb/v7-m/nofp/crtn.o
OUTPUT(EXTI.elf elf32-littlearm)
LOAD linker stubs
LOAD C:/ST/STM32CubeIDE_1.14.1/STM32CubeIDE/plugins/com.st.stm32cube.ide.mcu.externaltools.gnu-tools-for-stm32.12.3.rel1.win32_1.0.200.202406191623/tools/bin/../lib/gcc/arm-none-eabi/12.3.1/../../../../arm-none-eabi/lib/thumb/v7-m/nofp\libc.a
LOAD C:/ST/STM32CubeIDE_1.14.1/STM32CubeIDE/plugins/com.st.stm32cube.ide.mcu.externaltools.gnu-tools-for-stm32.12.3.rel1.win32_1.0.200.202406191623/tools/bin/../lib/gcc/arm-none-eabi/12.3.1/../../../../arm-none-eabi/lib/thumb/v7-m/nofp\libm.a
LOAD C:/ST/STM32CubeIDE_1.14.1/STM32CubeIDE/plugins/com.st.stm32cube.ide.mcu.externaltools.gnu-tools-for-stm32.12.3.rel1.win32_1.0.200.202406191623/tools/bin/../lib/gcc/arm-none-eabi/12.3.1/thumb/v7-m/nofp\libgcc.a

.debug_info     0x00000000      0x4f9
 .debug_info    0x00000000      0x442 ./Src/EXTI_program.o
 .debug_info    0x00000442       0x87 ./Src/main.o
 .debug_info    0x000004c9       0x30 ./Startup/startup_stm32f103c8tx.o

.debug_abbrev   0x00000000      0x1fa
 .debug_abbrev  0x00000000      0x18f ./Src/EXTI_program.o
 .debug_abbrev  0x0000018f       0x47 ./Src/main.o
 .debug_abbrev  0x000001d6       0x24 ./Startup/startup_stm32f103c8tx.o

.debug_aranges  0x00000000       0xf0
 .debug_aranges
                0x00000000       0xa8 ./Src/EXTI_program.o
 .debug_aranges
                0x000000a8       0x20 ./Src/main.o
 .debug_aranges
                0x000000c8       0x28 ./Startup/startup_stm32f103c8tx.o

.debug_rnglists
                0x00000000       0xa8
 .debug_rnglists
                0x00000000       0x7c ./Src/EXTI_program.o
 .debug_rnglists
                0x0000007c       0x13 ./Src/main.o
 .debug_rnglists
                0x0000008f       0x19 ./Startup/startup_stm32f103c8tx.o

.debug_macro    0x00000000     0x1dd9
 .debug_macro   0x00000000      0x16e ./Src/EXTI_program.o
 .debug_macro   0x0000016e      0xaae ./Src/EXTI_program.o
 .debug_macro   0x00000c1c       0x22 ./Src/EXTI_program.o
 .debug_macro   0x00000c3e       0x5b ./Src/EXTI_program.o
 .debug_macro   0x00000c99       0x24 ./Src/EXTI_program.o
 .debug_macro   0x00000cbd       0x94 ./Src/EXTI_program.o
 .debug_macro   0x00000d51       0x43 ./Src/EXTI_program.o
 .debug_macro   0x00000d94       0x34 ./Src/EXTI_program.o
 .debug_macro   0x00000dc8       0x16 ./Src/EXTI_program.o
 .debug_macro   0x00000dde       0x57 ./Src/EXTI_program.o
 .debug_macro   0x00000e35       0x9e ./Src/EXTI_program.o
 .debug_macro   0x00000ed3      0x369 ./Src/EXTI_program.o
 .debug_macro   0x0000123c      0x10b ./Src/EXTI_program.o
 .debug_macro   0x00001347       0x10 ./Src/EXTI_program.o
 .debug_macro   0x00001357       0x16 ./Src/EXTI_program.o
 .debug_macro   0x0000136d       0x43 ./Src/EXTI_program.o
 .debug_macro   0x000013b0       0x34 ./Src/EXTI_program.o
 .debug_macro   0x000013e4       0x10 ./Src/EXTI_program.o
 .debug_macro   0x000013f4       0x58 ./Src/EXTI_program.o
 .debug_macro   0x0000144c       0x8e ./Src/EXTI_program.o
 .debug_macro   0x000014da       0x1c ./Src/EXTI_program.o
 .debug_macro   0x000014f6      0x177 ./Src/EXTI_program.o
 .debug_macro   0x0000166d       0x16 ./Src/EXTI_program.o
 .debug_macro   0x00001683       0x16 ./Src/EXTI_program.o
 .debug_macro   0x00001699      0x146 ./Src/EXTI_program.o
 .debug_macro   0x000017df       0x1c ./Src/EXTI_program.o
 .debug_macro   0x000017fb      0x103 ./Src/EXTI_program.o
 .debug_macro   0x000018fe       0x6a ./Src/EXTI_program.o
 .debug_macro   0x00001968      0x1df ./Src/EXTI_program.o
 .debug_macro   0x00001b47      0x118 ./Src/EXTI_program.o
 .debug_macro   0x00001c5f       0x22 ./Src/EXTI_program.o
 .debug_macro   0x00001c81       0x16 ./Src/EXTI_program.o
 .debug_macro   0x00001c97       0x63 ./Src/main.o
 .debug_macro   0x00001cfa       0x8e ./Src/main.o
 .debug_macro   0x00001d88       0x51 ./Src/main.o

.debug_line     0x00000000      0xe36
 .debug_line    0x00000000      0x9ae ./Src/EXTI_program.o
 .debug_line    0x000009ae      0x40d ./Src/main.o
 .debug_line    0x00000dbb       0x7b ./Startup/startup_stm32f103c8tx.o

.debug_str      0x00000000     0x7ff5
 .debug_str     0x00000000     0x7fa3 ./Src/EXTI_program.o
                               0x819a (size before relaxing)
 .debug_str     0x00007fa3       0x13 ./Src/main.o
                               0x3cb4 (size before relaxing)
 .debug_str     0x00007fb6       0x3f ./Startup/startup_stm32f103c8tx.o
                                 0x61 (size before relaxing)

.comment        0x00000000       0x43
 .comment       0x00000000       0x43 ./Src/EXTI_program.o
                                 0x44 (size before relaxing)
 .comment       0x00000043       0x44 ./Src/main.o

.debug_frame    0x00000000      0x2b8
 .debug_frame   0x00000000      0x264 ./Src/EXTI_program.o
 .debug_frame   0x00000264       0x28 ./Src/main.o
 .debug_frame   0x0000028c       0x2c C:/ST/STM32CubeIDE_1.14.1/STM32CubeIDE/plugins/com.st.stm32cube.ide.mcu.externaltools.gnu-tools-for-stm32.12.3.rel1.win32_1.0.200.202406191623/tools/bin/../lib/gcc/arm-none-eabi/12.3.1/../../../../arm-none-eabi/lib/thumb/v7-m/nofp\libc_nano.a(libc_a-init.o)

.debug_line_str
                0x00000000       0x45
 .debug_line_str
                0x00000000       0x45 ./Startup/startup_stm32f103c8tx.o
